SQL> CREATE TABLE TITULACION
  2  (T CHAR(4) PRIMARY KEY,
  3  FAC VARCHAR2(50));

Table created.

SQL> REM EJERCICIO 2
SQL> INSERT INTO TITULACION (T)
  2  SELECT DISTINCT T FROM ASIGNATURA;

4 rows created.

SQL> SELECT*
  2  FROM ASIGNATURA;

       CAS A                                                  T           CUR   
---------- -------------------------------------------------- ---- ----------   
       CAR         CT         CP         CL                                     
---------- ---------- ---------- ----------                                     
         1 BASES DE DATOS                                     GII           3   
         7          3        1.5        1.5                                     
                                                                                
         2 INTELIGENCIA ARTIFICIAL                            GII           3   
         4        1.5        1.5          3                                     
                                                                                
         3 ALMACENES DE DATOS                                 MII           1   
         7        1.5          0        1.5                                     
                                                                                

       CAS A                                                  T           CUR   
---------- -------------------------------------------------- ---- ----------   
       CAR         CT         CP         CL                                     
---------- ---------- ---------- ----------                                     
         4 MINERIA DE DATOS                                   MII           1   
         7        1.5          0        1.5                                     
                                                                                
         5 INFORMATICA BASICA                                 GII           1   
         7          3        1.5        1.5                                     
                                                                                
         6 ALGEBRA                                            GII           1   
         1          3          3          0                                     
                                                                                

       CAS A                                                  T           CUR   
---------- -------------------------------------------------- ---- ----------   
       CAR         CT         CP         CL                                     
---------- ---------- ---------- ----------                                     
         7 CALCULO                                            GII           1   
         8          3          3          0                                     
                                                                                
         8 OPTIMIZACION                                       GII           1   
         6          3        1.5        1.5                                     
                                                                                
         9 GESTION DE RIESGOS                                 GII           3   
         4          3          0          3                                     
                                                                                

       CAS A                                                  T           CUR   
---------- -------------------------------------------------- ---- ----------   
       CAR         CT         CP         CL                                     
---------- ---------- ---------- ----------                                     
        10 ASTRONOMIA                                         GF            2   
         3          3        1.5        1.5                                     
                                                                                
        11 ENSENANZA DE LA MATEMATICA                         GM            2   
         5          6          0          0                                     
                                                                                
        12 ANALISIS COMPLEJO                                  GM            4   
         2        4.5          3          0                                     
                                                                                

12 rows selected.

SQL> REM EJERCICIO 3
SQL> SELECT*
  2  FROM TITULACION;

T    FAC                                                                        
---- --------------------------------------------------                         
GF                                                                              
GM                                                                              
GII                                                                             
MII                                                                             

SQL> REM EJERCICIO 4
SQL> UPDATE TITULACION
  2  SET FAC='FISICA'
  3  WHERE T='GF';

1 row updated.

SQL> UPDATE TITULACION
  2  SET FAC='MATEMATICAS'
  3  WHERE T='GM';

1 row updated.

SQL> UPDATE TITULACION
  2  SET FAC='INFORMATICA'
  3  WHERE T='GII';

1 row updated.

SQL> UPDATE TITULACION
  2  SET FAC='INFORMATICA'
  3  WHERE T='MII';

1 row updated.

SQL> REM 5
SQL> CREATE SYNONYM TIT FOR TITULACION;

Synonym created.

SQL> REM EJERCICIO 6
SQL> SELECT* TIT;
SELECT* TIT
        *
ERROR at line 1:
ORA-00923: FROM keyword not found where expected 


SQL> SELECT* FROM TIT;

T    FAC                                                                        
---- --------------------------------------------------                         
GF   FISICA                                                                     
GM   MATEMATICAS                                                                
GII  INFORMATICA                                                                
MII  INFORMATICA                                                                

SQL> ALTER TABLE ASIGNATURA
  2  ADD CONSTRAINT FK_ASIGNATURA_TITULACION
  3  FOREIGN KEY(T)
  4  REFERENCES TITULACION(T)
  5  ON DELETE CASCADE;

Table altered.

SQL> SPOOL OFF
SQL> REM EJERCICIO 8
SQL> ALTER TABLE ASIGNATURA
  2  DISABLE CONSTRAINT FK_ASIGNATURA_TITULACION
  3  ;

Table altered.

SQL> ALTER TABLE TITULACION
  2  MODIFY (T CHAR(6));

Table altered.

SQL> ALTER TABLE ASIGNATURA
  2  ENABLE CONSTRAINT FK_ASIGNATURA_TITULACION
  3  ;

Table altered.

SQL> SPOOL OFF
