SQL> REM 1.
SQL> SELECT A
  2  FROM ASIGNATURA
  3  WHERE CAR IN (
  4  SELECT CAR
  5  FROM AREA
  6  WHERE AR LIKE 'A%' );

A                                                                               
--------------------------------------------------                              
ALGEBRA                                                                         
ANALISIS COMPLEJO                                                               
ASTRONOMIA                                                                      

SQL> REM 2.
SQL> SELECT A
  2  FROM ASIGNATURA
  3  WHERE CAR IN (
  4  SELECT CAR
  5  FROM AREA
  6  WHERE AR LIKE '%A' );

A                                                                               
--------------------------------------------------                              
ALGEBRA                                                                         
ASTRONOMIA                                                                      
ENSENANZA DE LA MATEMATICA                                                      
OPTIMIZACION                                                                    
CALCULO                                                                         

SQL> REM 3.
SQL> SELECT A
  2  FROM ASIGNATURA
  3  WHERE A LIKE '%DATOS%';

A                                                                               
--------------------------------------------------                              
BASES DE DATOS                                                                  
ALMACENES DE DATOS                                                              
MINERIA DE DATOS                                                                

SQL> REM 4.
SQL> SELECT DNI
  2  FROM PROFESORES
  3  
SQL> SELECT DNI
  2  FROM PROFESOR
  3  WHERE P LIKE '__R%';

       DNI                                                                      
----------                                                                      
      2222                                                                      
      4444                                                                      
      6666                                                                      
      7777                                                                      

SQL> REM 5.
SQL> SELECT DISTINCT DNI
  2  FROM PROFESOR
  3  WHERE LENGTH(P)<=5;

       DNI                                                                      
----------                                                                      
      1111                                                                      
      3333                                                                      
      4444                                                                      
      5555                                                                      
      7777                                                                      
      1010                                                                      

6 rows selected.

SQL> REM 6.
SQL> SELECT DISTINCT DNI
  2  FROM PROFESOR
  3  WHERE LENGTH(P)>=5;

       DNI                                                                      
----------                                                                      
      2222                                                                      
      3333                                                                      
      4444                                                                      
      6666                                                                      
      7777                                                                      
      8888                                                                      
      9999                                                                      
      1010                                                                      
      2020                                                                      
      3030                                                                      

10 rows selected.

SQL> REM 7.
SQL> SELECT P
  2  FROM PROFESOR
  3  WHERE DNI IN (
  4  SELECT DNI
  5  FROM PLAN_DOCENTE
  6  WHERE FF IS NULL);

P                                                                               
------------------------------------------------------------                    
DAVID                                                                           
JUAN                                                                            
SOLEDAD                                                                         
CARLOS                                                                          
JOSE MANUEL                                                                     
PEDRO                                                                           
MARIA                                                                           
IVAN                                                                            
MARIO                                                                           
FRANCISCO                                                                       
ANGELA                                                                          

11 rows selected.

SQL> REM 8.
SQL> SELECT P
  2  FROM PROFESOR
  3  WHERE DNI IN (
  4  SELECT DNI
  5  FROM PLAN_DOCENTE
  6  WHERE CAS='8');

P                                                                               
------------------------------------------------------------                    
JUAN                                                                            
JOSE MANUEL                                                                     

SQL> REM 9.
SQL> SELECT *
  2  FROM PLAN_DOCENTE
  3  ORDER BY FF ASC;

       DNI        CAS        CTA        CPA        CLA FI        FF             
---------- ---------- ---------- ---------- ---------- --------- ---------      
      2222          3        1.5          0        1.5 01-SEP-06 31-AUG-07      
      1010          2        1.5        1.5          3 01-SEP-05 31-AUG-08      
      1010          9          3          0          3 01-SEP-08 31-AUG-09      
      1111          8          3        1.5        1.5 01-SEP-07 31-AUG-09      
      4444          4        1.5          0        1.5 01-SEP-08 31-AUG-10      
      6666         10          3        1.5        1.5 01-SEP-08 31-AUG-11      
      1010          9        1.5          0        1.5 01-SEP-09                
      9999          7          3          3          0 01-SEP-10                
      5555          6          3          3          0 31-MAR-10                
      8888         11          6          0          0 01-SEP-09                
      2020          3        1.5          0        1.5 01-SEP-08                

       DNI        CAS        CTA        CPA        CLA FI        FF             
---------- ---------- ---------- ---------- ---------- --------- ---------      
      7777         12        4.5          3          0 01-SEP-10                
      3333          9        1.5          0        1.5 01-SEP-09                
      2222          4        1.5          0        1.5 01-SEP-09                
      3030          8          0        1.5        1.5 01-SEP-09                
      1111          8          3          0          0 01-SEP-09                
      4444          5          3          0          0 01-SEP-10                
      4444          1          3        1.5        1.5 01-SEP-11                
      3333          2        1.5        1.5          3 01-SEP-08                

19 rows selected.

SQL> SET PAGESIZE 60
SQL> SELECT *
  2  FROM PLAN_DOCENTE
  3  ORDER BY FF ASC;

       DNI        CAS        CTA        CPA        CLA FI        FF             
---------- ---------- ---------- ---------- ---------- --------- ---------      
      2222          3        1.5          0        1.5 01-SEP-06 31-AUG-07      
      1010          2        1.5        1.5          3 01-SEP-05 31-AUG-08      
      1010          9          3          0          3 01-SEP-08 31-AUG-09      
      1111          8          3        1.5        1.5 01-SEP-07 31-AUG-09      
      4444          4        1.5          0        1.5 01-SEP-08 31-AUG-10      
      6666         10          3        1.5        1.5 01-SEP-08 31-AUG-11      
      1010          9        1.5          0        1.5 01-SEP-09                
      9999          7          3          3          0 01-SEP-10                
      5555          6          3          3          0 31-MAR-10                
      8888         11          6          0          0 01-SEP-09                
      2020          3        1.5          0        1.5 01-SEP-08                
      7777         12        4.5          3          0 01-SEP-10                
      3333          9        1.5          0        1.5 01-SEP-09                
      2222          4        1.5          0        1.5 01-SEP-09                
      3030          8          0        1.5        1.5 01-SEP-09                
      1111          8          3          0          0 01-SEP-09                
      4444          5          3          0          0 01-SEP-10                
      4444          1          3        1.5        1.5 01-SEP-11                
      3333          2        1.5        1.5          3 01-SEP-08                

19 rows selected.

SQL> REM 10.
SQL> SELECT *
  2  FROM PLAN_DOCENTE
  3  ORDER BY FF DES;
ORDER BY FF DES
            *
ERROR at line 3:
ORA-00933: SQL command not properly ended 


SQL> SELECT *
  2  FROM PLAN_DOCENTE
  3  ORDER BY FF DESC;

       DNI        CAS        CTA        CPA        CLA FI        FF             
---------- ---------- ---------- ---------- ---------- --------- ---------      
      4444          1          3        1.5        1.5 01-SEP-11                
      3333          2        1.5        1.5          3 01-SEP-08                
      7777         12        4.5          3          0 01-SEP-10                
      2020          3        1.5          0        1.5 01-SEP-08                
      8888         11          6          0          0 01-SEP-09                
      5555          6          3          3          0 31-MAR-10                
      9999          7          3          3          0 01-SEP-10                
      4444          5          3          0          0 01-SEP-10                
      1111          8          3          0          0 01-SEP-09                
      3030          8          0        1.5        1.5 01-SEP-09                
      2222          4        1.5          0        1.5 01-SEP-09                
      3333          9        1.5          0        1.5 01-SEP-09                
      1010          9        1.5          0        1.5 01-SEP-09                
      6666         10          3        1.5        1.5 01-SEP-08 31-AUG-11      
      4444          4        1.5          0        1.5 01-SEP-08 31-AUG-10      
      1010          9          3          0          3 01-SEP-08 31-AUG-09      
      1111          8          3        1.5        1.5 01-SEP-07 31-AUG-09      
      1010          2        1.5        1.5          3 01-SEP-05 31-AUG-08      
      2222          3        1.5          0        1.5 01-SEP-06 31-AUG-07      

19 rows selected.

SQL> REM 11.
SQL> SELECT P
  2  FROM PROFESOR
  3  WHERE DNI IN (
  4  SELECT DNI
  5  FROM PLAN_DOCENTE
  6  WHERE CAS IN (
  7  SELECT CAS
  8  FROM ASIGNATURA
  9  WHERE A='OPTIMIZACION' AND T='GII'))
 10  ORDER BY P ASC;

P                                                                               
------------------------------------------------------------                    
JOSE MANUEL                                                                     
JUAN                                                                            

SQL> REM 12.
SQL> SELECT P
  2  FROM PROFESOR
  3  WHERE CAR IN (
  4  SELECT CAR
  5  FROM AREA
  6  WHERE CD IN (
  7  SELECT CD
  8  FROM DEPARTAMENTO
  9  WHERE D='MATEMATICA FUNDAMENTAL'
 10  ))
 11  ORDER BY P DESC;

P                                                                               
------------------------------------------------------------                    
IVAN                                                                            

SQL> SPOOL OFF
